// Jest Snapshot v1, https://jestjs.io/docs/snapshot-testing

exports[`Playground renders 1`] = `
<div
  data-test-id="playground-page"
>
  <h1>
    Component Playground
  </h1>
  <p>
    This is a page I have used for development that allows me to configure components in isolation, before then integrating them into pages.
  </p>
  <span
    aria-orientation="horizontal"
    class="chakra-separator css-9iezwp"
    role="separator"
  />
  <div
    class="chakra-stack css-13yrnis"
  >
    <div
      class="chakra-stack css-3tgjim"
    >
      <p
        class="css-uok8h6"
      >
        Components
      </p>
      <div
        class="chakra-scroll-area__root css-5lg7wh"
        data-overflow-x=""
        data-overflow-y=""
        data-part="root"
        data-scope="scroll-area"
        dir="ltr"
        id="scroll-area-_r_0_"
        role="presentation"
        style="position: relative; --corner-width: 0px; --corner-height: 0px; --thumb-width: 0px; --thumb-height: 0px;"
      >
        <div
          class="chakra-scroll-area__viewport css-5n28yg"
          data-at-left=""
          data-at-top=""
          data-overflow-x=""
          data-overflow-y=""
          data-ownedby="scroll-area-_r_0_"
          data-part="viewport"
          data-scope="scroll-area"
          id="scroll-area-_r_0_:viewport"
          role="presentation"
          style="overflow: auto;"
          tabindex="0"
        >
          <div
            class="chakra-scroll-area__content css-1pdwgr6"
            data-overflow-x=""
            data-overflow-y=""
            data-part="content"
            data-scope="scroll-area"
            id="scroll-area-_r_0_:content"
            role="presentation"
            style="min-width: fit-content;"
          >
            <div
              class="css-xruegh"
            >
              <button
                class="chakra-button css-15rakzp"
                data-test-id="playground-bold-button"
                type="button"
              >
                Bold Text
              </button>
            </div>
            <div
              class="css-xruegh"
            >
              <button
                class="chakra-button css-18bidlc"
                data-test-id="playground-page-button"
                type="button"
              >
                Page
              </button>
            </div>
            <div
              class="css-xruegh"
            >
              <button
                class="chakra-button css-18bidlc"
                data-test-id="playground-test-component-button"
                type="button"
              >
                Test Component
              </button>
            </div>
            <div
              class="css-xruegh"
            >
              <button
                class="chakra-button css-18bidlc"
                data-test-id="playground-theme-toggle-button"
                type="button"
              >
                Theme Toggle
              </button>
            </div>
          </div>
        </div>
      </div>
    </div>
    <div
      class="css-3d4fa8"
    >
      <span
        class="css-7oa3gt"
        data-test-id="bold-text"
      >
        This is bold text
      </span>
    </div>
  </div>
</div>
`;
