// Jest Snapshot v1, https://jestjs.io/docs/snapshot-testing

exports[`TestComponent renders 1`] = `
<div
  class="sc-bcHNtg OaTNM"
  data-test-id="test-component"
>
  <h2
    class="chakra-heading css-eprwor"
  >
    This website is currently being rebuilt
  </h2>
  <p
    data-test-id="test-component-text"
  >
    test
  </p>
</div>
`;
